------------------------------------------------------------
TimeQuest Timing Analyzer Summary
------------------------------------------------------------

Type  : Slow 1200mV 85C Model Setup 'clk'
Slack : -118.887
TNS   : -44472.823

Type  : Slow 1200mV 85C Model Hold 'clk'
Slack : 0.342
TNS   : 0.000

Type  : Slow 1200mV 85C Model Recovery 'clk'
Slack : -1.710
TNS   : -654.277

Type  : Slow 1200mV 85C Model Removal 'clk'
Slack : 0.831
TNS   : 0.000

Type  : Slow 1200mV 85C Model Minimum Pulse Width 'clk'
Slack : -3.000
TNS   : -885.000

Type  : Slow 1200mV 0C Model Setup 'clk'
Slack : -106.002
TNS   : -39639.599

Type  : Slow 1200mV 0C Model Hold 'clk'
Slack : 0.297
TNS   : 0.000

Type  : Slow 1200mV 0C Model Recovery 'clk'
Slack : -1.410
TNS   : -505.206

Type  : Slow 1200mV 0C Model Removal 'clk'
Slack : 0.743
TNS   : 0.000

Type  : Slow 1200mV 0C Model Minimum Pulse Width 'clk'
Slack : -3.000
TNS   : -885.000

Type  : Fast 1200mV 0C Model Setup 'clk'
Slack : -67.766
TNS   : -25108.791

Type  : Fast 1200mV 0C Model Hold 'clk'
Slack : 0.179
TNS   : 0.000

Type  : Fast 1200mV 0C Model Recovery 'clk'
Slack : -0.588
TNS   : -142.361

Type  : Fast 1200mV 0C Model Removal 'clk'
Slack : 0.461
TNS   : 0.000

Type  : Fast 1200mV 0C Model Minimum Pulse Width 'clk'
Slack : -3.000
TNS   : -953.627

------------------------------------------------------------
