------------------------------------------------------------
TimeQuest Timing Analyzer Summary
------------------------------------------------------------

Type  : Slow 1200mV 85C Model Setup 'clk'
Slack : -116.107
TNS   : -9520.322

Type  : Slow 1200mV 85C Model Hold 'clk'
Slack : 0.343
TNS   : 0.000

Type  : Slow 1200mV 85C Model Recovery 'clk'
Slack : -0.668
TNS   : -23.386

Type  : Slow 1200mV 85C Model Removal 'clk'
Slack : 0.864
TNS   : 0.000

Type  : Slow 1200mV 85C Model Minimum Pulse Width 'clk'
Slack : -3.000
TNS   : -185.000

Type  : Slow 1200mV 0C Model Setup 'clk'
Slack : -103.715
TNS   : -8499.707

Type  : Slow 1200mV 0C Model Hold 'clk'
Slack : 0.298
TNS   : 0.000

Type  : Slow 1200mV 0C Model Recovery 'clk'
Slack : -0.484
TNS   : -15.625

Type  : Slow 1200mV 0C Model Removal 'clk'
Slack : 0.787
TNS   : 0.000

Type  : Slow 1200mV 0C Model Minimum Pulse Width 'clk'
Slack : -3.000
TNS   : -185.000

Type  : Fast 1200mV 0C Model Setup 'clk'
Slack : -65.998
TNS   : -5377.861

Type  : Fast 1200mV 0C Model Hold 'clk'
Slack : 0.178
TNS   : 0.000

Type  : Fast 1200mV 0C Model Recovery 'clk'
Slack : 0.003
TNS   : 0.000

Type  : Fast 1200mV 0C Model Removal 'clk'
Slack : 0.474
TNS   : 0.000

Type  : Fast 1200mV 0C Model Minimum Pulse Width 'clk'
Slack : -3.000
TNS   : -197.530

------------------------------------------------------------
