------------------------------------------------------------
TimeQuest Timing Analyzer Summary
------------------------------------------------------------

Type  : Slow 1200mV 85C Model Setup 'clk'
Slack : -118.527
TNS   : -26171.300

Type  : Slow 1200mV 85C Model Hold 'clk'
Slack : 0.344
TNS   : 0.000

Type  : Slow 1200mV 85C Model Recovery 'clk'
Slack : -1.435
TNS   : -381.380

Type  : Slow 1200mV 85C Model Removal 'clk'
Slack : 0.840
TNS   : 0.000

Type  : Slow 1200mV 85C Model Minimum Pulse Width 'clk'
Slack : -3.000
TNS   : -539.000

Type  : Slow 1200mV 0C Model Setup 'clk'
Slack : -105.954
TNS   : -23366.102

Type  : Slow 1200mV 0C Model Hold 'clk'
Slack : 0.299
TNS   : 0.000

Type  : Slow 1200mV 0C Model Recovery 'clk'
Slack : -1.168
TNS   : -297.781

Type  : Slow 1200mV 0C Model Removal 'clk'
Slack : 0.750
TNS   : 0.000

Type  : Slow 1200mV 0C Model Minimum Pulse Width 'clk'
Slack : -3.000
TNS   : -539.000

Type  : Fast 1200mV 0C Model Setup 'clk'
Slack : -67.637
TNS   : -14781.998

Type  : Fast 1200mV 0C Model Hold 'clk'
Slack : 0.180
TNS   : 0.000

Type  : Fast 1200mV 0C Model Recovery 'clk'
Slack : -0.449
TNS   : -79.992

Type  : Fast 1200mV 0C Model Removal 'clk'
Slack : 0.467
TNS   : 0.000

Type  : Fast 1200mV 0C Model Minimum Pulse Width 'clk'
Slack : -3.000
TNS   : -577.310

------------------------------------------------------------
